// Jest Snapshot v1, https://goo.gl/fbAQLP

exports[`PostgreSQL Batching and caching is configured 1`] = `
Array [
  Object {
    "id": 1,
    "name": "apple",
  },
]
`;
